2026-03-04 14:48:21 - INFO - 启动扫描，模式: normal
2026-03-04 14:48:21 - INFO - ============================================================
2026-03-04 14:48:21 - INFO - 启动网络扫描任务
2026-03-04 14:48:21 - INFO - 扫描模式: normal
2026-03-04 14:48:21 - INFO -   - IP范围文件: ip_range.txt
2026-03-04 14:48:21 - INFO -   - 端口文件: ports.txt
2026-03-04 14:48:21 - INFO -   - 排除IP文件: exclude_ips.txt
2026-03-04 14:48:21 - INFO -   - 最大线程数: 32
2026-03-04 14:48:21 - INFO - ============================================================
2026-03-04 14:48:21 - ERROR - IP范围文件 ip_range.txt 不存在！
2026-03-04 14:48:21 - ERROR - 扫描任务失败: [Errno 2] No such file or directory: 'ip_range.txt'
Traceback (most recent call last):
  File "/home/yinsongkai/Project/NetworkScan/ScanScript/Version2/network_scan.py", line 352, in run_scan
    ip_ranges = loader.load_ip_ranges(config.ip_range_file, logger)
                ^^^^^^^^^^^^^^^^^^^^^^^^^^^^^^^^^^^^^^^^^^^^^^^^^^^
  File "/home/yinsongkai/Project/NetworkScan/ScanScript/Version2/network_scan.py", line 92, in load_ip_ranges
    with open(filename, 'r', encoding='utf-8') as f:
         ^^^^^^^^^^^^^^^^^^^^^^^^^^^^^^^^^^^^^
FileNotFoundError: [Errno 2] No such file or directory: 'ip_range.txt'
2026-03-04 14:48:21 - ERROR - 扫描失败: [Errno 2] No such file or directory: 'ip_range.txt'
Traceback (most recent call last):
  File "/home/yinsongkai/Project/NetworkScan/ScanScript/Version2/main.py", line 191, in main
    results = run_scan(config, logger=logger)
              ^^^^^^^^^^^^^^^^^^^^^^^^^^^^^^^
  File "/home/yinsongkai/Project/NetworkScan/ScanScript/Version2/network_scan.py", line 352, in run_scan
    ip_ranges = loader.load_ip_ranges(config.ip_range_file, logger)
                ^^^^^^^^^^^^^^^^^^^^^^^^^^^^^^^^^^^^^^^^^^^^^^^^^^^
  File "/home/yinsongkai/Project/NetworkScan/ScanScript/Version2/network_scan.py", line 92, in load_ip_ranges
    with open(filename, 'r', encoding='utf-8') as f:
         ^^^^^^^^^^^^^^^^^^^^^^^^^^^^^^^^^^^^^
FileNotFoundError: [Errno 2] No such file or directory: 'ip_range.txt'
2026-03-04 15:37:31 - INFO - 数据库表结构初始化完成
2026-03-04 15:37:31 - INFO - 默认数据初始化完成
2026-03-04 15:37:50 - INFO - 数据库表结构初始化完成
2026-03-04 15:37:57 - INFO - 数据库表结构初始化完成
2026-03-04 15:38:20 - INFO - 数据库表结构初始化完成
2026-03-04 15:38:20 - ERROR - 提取模板字段失败: 'NoneType' object has no attribute '_element'
2026-03-04 16:11:59 - INFO - 数据库表结构初始化完成
2026-03-04 16:11:59 - INFO - 默认数据初始化完成
2026-03-04 16:12:37 - INFO - 数据库表结构初始化完成
2026-03-04 16:12:37 - INFO - 数据库表结构初始化完成
2026-03-04 16:13:09 - INFO - 数据库表结构初始化完成
2026-03-04 16:13:09 - INFO - 数据库表结构初始化完成
2026-03-04 16:13:18 - INFO - 数据库表结构初始化完成
2026-03-04 16:13:18 - INFO - 数据库表结构初始化完成
2026-03-04 16:26:12 - INFO - 数据库表结构初始化完成
2026-03-04 16:26:12 - INFO - 默认数据初始化完成，共 37 个端口
2026-03-04 17:27:54 - INFO - 数据库表结构初始化完成
2026-03-04 17:27:54 - INFO - 数据库表结构初始化完成
2026-03-05 09:11:17 - INFO - 数据库表结构初始化完成
2026-03-05 09:11:17 - INFO - 默认数据初始化完成，共 37 个端口
2026-03-05 09:12:10 - INFO - 数据库表结构初始化完成
2026-03-05 09:12:10 - INFO - 数据库表结构初始化完成
2026-03-05 09:12:28 - INFO - 数据库表结构初始化完成
2026-03-05 09:12:28 - INFO - 数据库表结构初始化完成
2026-03-05 16:00:53 - INFO - 数据库表结构初始化完成
2026-03-05 16:00:53 - INFO - 数据库表结构初始化完成
2026-03-05 16:00:53 - INFO - 数据库表结构初始化完成
2026-03-05 16:01:02 - INFO - 数据库表结构初始化完成
2026-03-05 16:01:02 - INFO - 数据库表结构初始化完成
2026-03-05 16:01:02 - INFO - 数据库表结构初始化完成
